in_source: |-
  .data:
      str STRING Hello,
      buf BUFFER 64

  .code:
      JMP start

  print:
      DUP
      LOAD
      JZ after_print
      OUTPUT
      INC
      JMP print

  after_print:
      RET

  start:
      PUSH buf

  read:
      DUP
      INPUT
      JZ after_read
      POP
      INC
      JMP read

  after_read:
      DROP ; 0
      DROP ; dupped buf
      DROP ; buf
      PUSH str
      CALL print
      DROP ; 0
      DROP ; str
      PUSH buf
      CALL print
      DROP ; 0
      DROP ; str
      HLT
in_stdin: |-
  Kostya
out_mnemonics: |
  72 - 00000082 0000000B - Opcode.JMP start
  74 - 00000045          - Opcode.DUP
  75 - 00000042          - Opcode.LOAD
  76 - 00000083 0000000A - Opcode.JZ after_print
  78 - 00000011          - Opcode.OUTPUT
  79 - 00000020          - Opcode.INC
  80 - 00000082 00000002 - Opcode.JMP print
  82 - 00000085          - Opcode.RET
  83 - 00000040 00000007 - Opcode.PUSH buf
  85 - 00000045          - Opcode.DUP
  86 - 00000010          - Opcode.INPUT
  87 - 00000083 00000015 - Opcode.JZ after_read
  89 - 00000041          - Opcode.POP
  90 - 00000020          - Opcode.INC
  91 - 00000082 0000000D - Opcode.JMP read
  93 - 00000043          - Opcode.DROP
  94 - 00000043          - Opcode.DROP
  95 - 00000043          - Opcode.DROP
  96 - 00000040 00000000 - Opcode.PUSH str
  98 - 00000084 00000002 - Opcode.CALL print
  100 - 00000043          - Opcode.DROP
  101 - 00000043          - Opcode.DROP
  102 - 00000040 00000007 - Opcode.PUSH buf
  104 - 00000084 00000002 - Opcode.CALL print
  106 - 00000043          - Opcode.DROP
  107 - 00000043          - Opcode.DROP
  108 - 00000080          - Opcode.HLT
out_code:
- 71
- 72
- 101
- 108
- 108
- 111
- 44
- 0
- 0
- 0
- 0
- 0
- 0
- 0
- 0
- 0
- 0
- 0
- 0
- 0
- 0
- 0
- 0
- 0
- 0
- 0
- 0
- 0
- 0
- 0
- 0
- 0
- 0
- 0
- 0
- 0
- 0
- 0
- 0
- 0
- 0
- 0
- 0
- 0
- 0
- 0
- 0
- 0
- 0
- 0
- 0
- 0
- 0
- 0
- 0
- 0
- 0
- 0
- 0
- 0
- 0
- 0
- 0
- 0
- 0
- 0
- 0
- 0
- 0
- 0
- 0
- 0
- 130
- 11
- 69
- 66
- 131
- 10
- 17
- 32
- 130
- 2
- 133
- 64
- 7
- 69
- 16
- 131
- 21
- 65
- 32
- 130
- 13
- 67
- 67
- 67
- 64
- 0
- 132
- 2
- 67
- 67
- 64
- 7
- 132
- 2
- 67
- 67
- 128
out_stdout: |
  LoC: 42 Code bytes: 436
  ============================================================
  Hello,Kostya
  Instructions: 133 Ticks: 861
out_log: |
  INFO     root:simulation.py:103 Start simulation
  DEBUG    root:simulation.py:40 [ 0: None         ] TICK:    0 PC:   0 MPC:  0 IR:   0 RSC: -1 TOS:  -1 AR:   0 SB:   0 SP: -1	INSTRUCTION_FETCH
  DEBUG    root:simulation.py:50 [ 0: None         ] TICK:    1 PC:   0 MPC:  5 IR:   0 RSC: -1 TOS:  -1 AR:   0 SB:   0 SP: -1	PROG_CACHE_READ_FETCH
  DEBUG    root:simulation.py:50 [ 0: None         ] TICK:    2 PC:   0 MPC:  5 IR:   0 RSC: -1 TOS:  -1 AR:   0 SB:   0 SP: -1	PROG_CACHE_READ_FETCH
  DEBUG    root:simulation.py:50 [ 1: Opcode.JMP   ] TICK:    4 PC:   1 MPC:  2 IR: 130 RSC: -1 TOS:  -1 AR:   0 SB:   0 SP: -1	INSTRUCTION_FETCH
  DEBUG    root:simulation.py:50 [ 1: Opcode.JMP   ] TICK:    5 PC:   1 MPC:  8 IR: 130 RSC: -1 TOS:  -1 AR:   0 SB:   0 SP: -1	JMP
  DEBUG    root:simulation.py:50 [ 1: Opcode.JMP   ] TICK:    6 PC:   1 MPC:  5 IR: 130 RSC: -1 TOS:  -1 AR:   0 SB:   0 SP: -1	PROG_CACHE_READ_FETCH
  DEBUG    root:simulation.py:50 [ 1: Opcode.JMP   ] TICK:    7 PC:   1 MPC:  9 IR: 130 RSC: -1 TOS:  -1 AR:   0 SB:   0 SP: -1	JMP
  DEBUG    root:simulation.py:50 [11: Opcode.RET   ] TICK:    9 PC:  11 MPC:  5 IR: 130 RSC: -1 TOS:  -1 AR:   0 SB:   0 SP: -1	PROG_CACHE_READ_FETCH
  DEBUG    root:simulation.py:50 [11: Opcode.RET   ] TICK:   10 PC:  11 MPC:  5 IR: 130 RSC: -1 TOS:  -1 AR:   0 SB:   0 SP: -1	PROG_CACHE_READ_FETCH
  DEBUG    root:simulation.py:50 [12: Opcode.PUSH  ] TICK:   12 PC:  12 MPC:  2 IR:  64 RSC: -1 TOS:  -1 AR:   0 SB:   0 SP: -1	INSTRUCTION_FETCH
  DEBUG    root:simulation.py:50 [12: Opcode.PUSH  ] TICK:   13 PC:  12 MPC: 15 IR:  64 RSC: -1 TOS:  -1 AR:   0 SB:   0 SP: -1	PUSH
  DEBUG    root:simulation.py:50 [12: Opcode.PUSH  ] TICK:   14 PC:  12 MPC:  5 IR:  64 RSC: -1 TOS:  -1 AR:   0 SB:   0 SP:  0	PROG_CACHE_READ_FETCH
  DEBUG    root:simulation.py:50 [12: Opcode.PUSH  ] TICK:   15 PC:  12 MPC: 16 IR:  64 RSC: -1 TOS:  -1 AR:   0 SB:   0 SP:  0	PUSH
  DEBUG    root:simulation.py:50 [13: 7            ] TICK:   17 PC:  13 MPC:  5 IR:  64 RSC: -1 TOS:   7 AR:   0 SB:   0 SP:  0	PROG_CACHE_READ_FETCH
  DEBUG    root:simulation.py:50 [14: Opcode.DUP   ] TICK:   19 PC:  14 MPC:  2 IR:  69 RSC: -1 TOS:   7 AR:   0 SB:   0 SP:  0	INSTRUCTION_FETCH
  DEBUG    root:simulation.py:50 [14: Opcode.DUP   ] TICK:   20 PC:  14 MPC: 26 IR:  69 RSC: -1 TOS:   7 AR:   0 SB:   0 SP:  0	DUP
  DEBUG    root:simulation.py:50 [14: Opcode.DUP   ] TICK:   21 PC:  14 MPC: 27 IR:  69 RSC: -1 TOS:  -1 AR:   0 SB:   7 SP:  1	DUP
  DEBUG    root:simulation.py:50 [14: Opcode.DUP   ] TICK:   23 PC:  14 MPC:  5 IR:  69 RSC: -1 TOS:   7 AR:   0 SB:   7 SP:  1	PROG_CACHE_READ_FETCH
  DEBUG    root:simulation.py:50 [15: Opcode.INPUT ] TICK:   25 PC:  15 MPC:  2 IR:  16 RSC: -1 TOS:   7 AR:   0 SB:   7 SP:  1	INSTRUCTION_FETCH
  DEBUG    root:simulation.py:50 [15: Opcode.INPUT ] TICK:   26 PC:  15 MPC: 35 IR:  16 RSC: -1 TOS:   7 AR:   0 SB:   7 SP:  1	INPUT
  DEBUG    root:simulation.py:50 [15: Opcode.INPUT ] TICK:   27 PC:  15 MPC: 36 IR:  16 RSC: -1 TOS:  -1 AR:   0 SB:   7 SP:  2	INPUT
  DEBUG    root:datapath.py:181 input: K
  DEBUG    root:simulation.py:50 [15: Opcode.INPUT ] TICK:   29 PC:  15 MPC:  5 IR:  16 RSC: -1 TOS:  75 AR:   0 SB:   7 SP:  2	PROG_CACHE_READ_FETCH
  DEBUG    root:simulation.py:50 [16: Opcode.JZ    ] TICK:   31 PC:  16 MPC:  2 IR: 131 RSC: -1 TOS:  75 AR:   0 SB:   7 SP:  2	INSTRUCTION_FETCH
  DEBUG    root:simulation.py:50 [16: Opcode.JZ    ] TICK:   32 PC:  16 MPC: 10 IR: 131 RSC: -1 TOS:  75 AR:   0 SB:   7 SP:  2	JZ
  DEBUG    root:simulation.py:50 [16: Opcode.JZ    ] TICK:   33 PC:  16 MPC:  5 IR: 131 RSC: -1 TOS:  75 AR:   0 SB:   7 SP:  2	PROG_CACHE_READ_FETCH
  DEBUG    root:simulation.py:50 [16: Opcode.JZ    ] TICK:   34 PC:  16 MPC: 11 IR: 131 RSC: -1 TOS:  75 AR:   0 SB:   7 SP:  2	JZ
  DEBUG    root:simulation.py:50 [17: 21           ] TICK:   36 PC:  17 MPC:  5 IR: 131 RSC: -1 TOS:  75 AR:   0 SB:   7 SP:  2	PROG_CACHE_READ_FETCH
  DEBUG    root:simulation.py:50 [18: Opcode.POP   ] TICK:   38 PC:  18 MPC:  2 IR:  65 RSC: -1 TOS:  75 AR:   0 SB:   7 SP:  2	INSTRUCTION_FETCH
  DEBUG    root:simulation.py:50 [18: Opcode.POP   ] TICK:   39 PC:  18 MPC: 17 IR:  65 RSC: -1 TOS:  75 AR:   0 SB:   7 SP:  2	POP
  DEBUG    root:simulation.py:50 [18: Opcode.POP   ] TICK:   40 PC:  18 MPC: 18 IR:  65 RSC: -1 TOS:  75 AR:   7 SB:   7 SP:  2	POP
  DEBUG    root:simulation.py:50 [18: Opcode.POP   ] TICK:   41 PC:  18 MPC:  4 IR:  65 RSC: -1 TOS:  75 AR:   7 SB:   7 SP:  2	DATA_CACHE_WRITE_FETCH
  DEBUG    root:simulation.py:50 [18: Opcode.POP   ] TICK:   42 PC:  18 MPC: 19 IR:  65 RSC: -1 TOS:  75 AR:   7 SB:   7 SP:  2	POP
  DEBUG    root:simulation.py:50 [18: Opcode.POP   ] TICK:   44 PC:  18 MPC:  5 IR:  65 RSC: -1 TOS:   7 AR:   7 SB:   7 SP:  0	PROG_CACHE_READ_FETCH
  DEBUG    root:simulation.py:50 [19: Opcode.INC   ] TICK:   46 PC:  19 MPC:  2 IR:  32 RSC: -1 TOS:   7 AR:   7 SB:   7 SP:  0	INSTRUCTION_FETCH
  DEBUG    root:simulation.py:50 [19: Opcode.INC   ] TICK:   47 PC:  19 MPC: 28 IR:  32 RSC: -1 TOS:   7 AR:   7 SB:   7 SP:  0	INC
  DEBUG    root:simulation.py:50 [19: Opcode.INC   ] TICK:   49 PC:  19 MPC:  5 IR:  32 RSC: -1 TOS:   8 AR:   7 SB:   7 SP:  0	PROG_CACHE_READ_FETCH
  DEBUG    root:simulation.py:50 [19: Opcode.INC   ] TICK:   50 PC:  19 MPC:  5 IR:  32 RSC: -1 TOS:   8 AR:   7 SB:   7 SP:  0	PROG_CACHE_READ_FETCH
  DEBUG    root:simulation.py:50 [20: Opcode.JMP   ] TICK:   52 PC:  20 MPC:  2 IR: 130 RSC: -1 TOS:   8 AR:   7 SB:   7 SP:  0	INSTRUCTION_FETCH
  DEBUG    root:simulation.py:50 [20: Opcode.JMP   ] TICK:   53 PC:  20 MPC:  8 IR: 130 RSC: -1 TOS:   8 AR:   7 SB:   7 SP:  0	JMP
  DEBUG    root:simulation.py:50 [20: Opcode.JMP   ] TICK:   54 PC:  20 MPC:  5 IR: 130 RSC: -1 TOS:   8 AR:   7 SB:   7 SP:  0	PROG_CACHE_READ_FETCH
  DEBUG    root:simulation.py:50 [20: Opcode.JMP   ] TICK:   55 PC:  20 MPC:  9 IR: 130 RSC: -1 TOS:   8 AR:   7 SB:   7 SP:  0	JMP
  DEBUG    root:simulation.py:50 [13: 7            ] TICK:   57 PC:  13 MPC:  5 IR: 130 RSC: -1 TOS:   8 AR:   7 SB:   7 SP:  0	PROG_CACHE_READ_FETCH
  DEBUG    root:simulation.py:50 [13: 7            ] TICK:   58 PC:  13 MPC:  5 IR: 130 RSC: -1 TOS:   8 AR:   7 SB:   7 SP:  0	PROG_CACHE_READ_FETCH
  DEBUG    root:simulation.py:50 [14: Opcode.DUP   ] TICK:   60 PC:  14 MPC:  2 IR:  69 RSC: -1 TOS:   8 AR:   7 SB:   7 SP:  0	INSTRUCTION_FETCH
  DEBUG    root:simulation.py:50 [14: Opcode.DUP   ] TICK:   61 PC:  14 MPC: 26 IR:  69 RSC: -1 TOS:   8 AR:   7 SB:   7 SP:  0	DUP
  DEBUG    root:simulation.py:50 [14: Opcode.DUP   ] TICK:   62 PC:  14 MPC: 27 IR:  69 RSC: -1 TOS:   7 AR:   7 SB:   8 SP:  1	DUP
  DEBUG    root:simulation.py:50 [14: Opcode.DUP   ] TICK:   64 PC:  14 MPC:  5 IR:  69 RSC: -1 TOS:   8 AR:   7 SB:   8 SP:  1	PROG_CACHE_READ_FETCH
  DEBUG    root:simulation.py:50 [15: Opcode.INPUT ] TICK:   66 PC:  15 MPC:  2 IR:  16 RSC: -1 TOS:   8 AR:   7 SB:   8 SP:  1	INSTRUCTION_FETCH
  DEBUG    root:simulation.py:50 [15: Opcode.INPUT ] TICK:   67 PC:  15 MPC: 35 IR:  16 RSC: -1 TOS:   8 AR:   7 SB:   8 SP:  1	INPUT
  DEBUG    root:simulation.py:50 [15: Opcode.INPUT ] TICK:   68 PC:  15 MPC: 36 IR:  16 RSC: -1 TOS:  75 AR:   7 SB:   8 SP:  2	INPUT
  DEBUG    root:datapath.py:181 input: o
  DEBUG    root:simulation.py:50 [15: Opcode.INPUT ] TICK:   70 PC:  15 MPC:  5 IR:  16 RSC: -1 TOS:  111 AR:   7 SB:   8 SP:  2	PROG_CACHE_READ_FETCH
  DEBUG    root:simulation.py:50 [16: Opcode.JZ    ] TICK:   72 PC:  16 MPC:  2 IR: 131 RSC: -1 TOS:  111 AR:   7 SB:   8 SP:  2	INSTRUCTION_FETCH
  DEBUG    root:simulation.py:50 [16: Opcode.JZ    ] TICK:   73 PC:  16 MPC: 10 IR: 131 RSC: -1 TOS:  111 AR:   7 SB:   8 SP:  2	JZ
  DEBUG    root:simulation.py:50 [16: Opcode.JZ    ] TICK:   74 PC:  16 MPC:  5 IR: 131 RSC: -1 TOS:  111 AR:   7 SB:   8 SP:  2	PROG_CACHE_READ_FETCH
  DEBUG    root:simulation.py:50 [16: Opcode.JZ    ] TICK:   75 PC:  16 MPC: 11 IR: 131 RSC: -1 TOS:  111 AR:   7 SB:   8 SP:  2	JZ
  DEBUG    root:simulation.py:50 [17: 21           ] TICK:   77 PC:  17 MPC:  5 IR: 131 RSC: -1 TOS:  111 AR:   7 SB:   8 SP:  2	PROG_CACHE_READ_FETCH
  DEBUG    root:simulation.py:50 [18: Opcode.POP   ] TICK:   79 PC:  18 MPC:  2 IR:  65 RSC: -1 TOS:  111 AR:   7 SB:   8 SP:  2	INSTRUCTION_FETCH
  DEBUG    root:simulation.py:50 [18: Opcode.POP   ] TICK:   80 PC:  18 MPC: 17 IR:  65 RSC: -1 TOS:  111 AR:   7 SB:   8 SP:  2	POP
  DEBUG    root:simulation.py:50 [18: Opcode.POP   ] TICK:   81 PC:  18 MPC: 18 IR:  65 RSC: -1 TOS:  111 AR:   8 SB:   8 SP:  2	POP
  DEBUG    root:simulation.py:50 [18: Opcode.POP   ] TICK:   82 PC:  18 MPC:  4 IR:  65 RSC: -1 TOS:  111 AR:   8 SB:   8 SP:  2	DATA_CACHE_WRITE_FETCH
  DEBUG    root:simulation.py:50 [18: Opcode.POP   ] TICK:   83 PC:  18 MPC: 19 IR:  65 RSC: -1 TOS:  111 AR:   8 SB:   8 SP:  2	POP
  DEBUG    root:simulation.py:50 [18: Opcode.POP   ] TICK:   85 PC:  18 MPC:  5 IR:  65 RSC: -1 TOS:   8 AR:   8 SB:   8 SP:  0	PROG_CACHE_READ_FETCH
  DEBUG    root:simulation.py:50 [19: Opcode.INC   ] TICK:   87 PC:  19 MPC:  2 IR:  32 RSC: -1 TOS:   8 AR:   8 SB:   8 SP:  0	INSTRUCTION_FETCH
  DEBUG    root:simulation.py:50 [19: Opcode.INC   ] TICK:   88 PC:  19 MPC: 28 IR:  32 RSC: -1 TOS:   8 AR:   8 SB:   8 SP:  0	INC
  DEBUG    root:simulation.py:50 [19: Opcode.INC   ] TICK:   90 PC:  19 MPC:  5 IR:  32 RSC: -1 TOS:   9 AR:   8 SB:   8 SP:  0	PROG_CACHE_READ_FETCH
  DEBUG    root:simulation.py:50 [20: Opcode.JMP   ] TICK:   92 PC:  20 MPC:  2 IR: 130 RSC: -1 TOS:   9 AR:   8 SB:   8 SP:  0	INSTRUCTION_FETCH
  DEBUG    root:simulation.py:50 [20: Opcode.JMP   ] TICK:   93 PC:  20 MPC:  8 IR: 130 RSC: -1 TOS:   9 AR:   8 SB:   8 SP:  0	JMP
  DEBUG    root:simulation.py:50 [20: Opcode.JMP   ] TICK:   94 PC:  20 MPC:  5 IR: 130 RSC: -1 TOS:   9 AR:   8 SB:   8 SP:  0	PROG_CACHE_READ_FETCH
  DEBUG    root:simulation.py:50 [20: Opcode.JMP   ] TICK:   95 PC:  20 MPC:  9 IR: 130 RSC: -1 TOS:   9 AR:   8 SB:   8 SP:  0	JMP
  DEBUG    root:simulation.py:50 [13: 7            ] TICK:   97 PC:  13 MPC:  5 IR: 130 RSC: -1 TOS:   9 AR:   8 SB:   8 SP:  0	PROG_CACHE_READ_FETCH
  DEBUG    root:simulation.py:50 [14: Opcode.DUP   ] TICK:   99 PC:  14 MPC:  2 IR:  69 RSC: -1 TOS:   9 AR:   8 SB:   8 SP:  0	INSTRUCTION_FETCH
  DEBUG    root:simulation.py:50 [14: Opcode.DUP   ] TICK:  100 PC:  14 MPC: 26 IR:  69 RSC: -1 TOS:   9 AR:   8 SB:   8 SP:  0	DUP
  DEBUG    root:simulation.py:50 [14: Opcode.DUP   ] TICK:  101 PC:  14 MPC: 27 IR:  69 RSC: -1 TOS:   8 AR:   8 SB:   9 SP:  1	DUP
  DEBUG    root:simulation.py:50 [14: Opcode.DUP   ] TICK:  103 PC:  14 MPC:  5 IR:  69 RSC: -1 TOS:   9 AR:   8 SB:   9 SP:  1	PROG_CACHE_READ_FETCH
  DEBUG    root:simulation.py:50 [15: Opcode.INPUT ] TICK:  105 PC:  15 MPC:  2 IR:  16 RSC: -1 TOS:   9 AR:   8 SB:   9 SP:  1	INSTRUCTION_FETCH
  DEBUG    root:simulation.py:50 [15: Opcode.INPUT ] TICK:  106 PC:  15 MPC: 35 IR:  16 RSC: -1 TOS:   9 AR:   8 SB:   9 SP:  1	INPUT
  DEBUG    root:simulation.py:50 [15: Opcode.INPUT ] TICK:  107 PC:  15 MPC: 36 IR:  16 RSC: -1 TOS:  111 AR:   8 SB:   9 SP:  2	INPUT
  DEBUG    root:datapath.py:181 input: s
  DEBUG    root:simulation.py:50 [15: Opcode.INPUT ] TICK:  109 PC:  15 MPC:  5 IR:  16 RSC: -1 TOS:  115 AR:   8 SB:   9 SP:  2	PROG_CACHE_READ_FETCH
  DEBUG    root:simulation.py:50 [16: Opcode.JZ    ] TICK:  111 PC:  16 MPC:  2 IR: 131 RSC: -1 TOS:  115 AR:   8 SB:   9 SP:  2	INSTRUCTION_FETCH
  DEBUG    root:simulation.py:50 [16: Opcode.JZ    ] TICK:  112 PC:  16 MPC: 10 IR: 131 RSC: -1 TOS:  115 AR:   8 SB:   9 SP:  2	JZ
  DEBUG    root:simulation.py:50 [16: Opcode.JZ    ] TICK:  113 PC:  16 MPC:  5 IR: 131 RSC: -1 TOS:  115 AR:   8 SB:   9 SP:  2	PROG_CACHE_READ_FETCH
  DEBUG    root:simulation.py:50 [16: Opcode.JZ    ] TICK:  114 PC:  16 MPC: 11 IR: 131 RSC: -1 TOS:  115 AR:   8 SB:   9 SP:  2	JZ
  DEBUG    root:simulation.py:50 [17: 21           ] TICK:  116 PC:  17 MPC:  5 IR: 131 RSC: -1 TOS:  115 AR:   8 SB:   9 SP:  2	PROG_CACHE_READ_FETCH
  DEBUG    root:simulation.py:50 [18: Opcode.POP   ] TICK:  118 PC:  18 MPC:  2 IR:  65 RSC: -1 TOS:  115 AR:   8 SB:   9 SP:  2	INSTRUCTION_FETCH
  DEBUG    root:simulation.py:50 [18: Opcode.POP   ] TICK:  119 PC:  18 MPC: 17 IR:  65 RSC: -1 TOS:  115 AR:   8 SB:   9 SP:  2	POP
  DEBUG    root:simulation.py:50 [18: Opcode.POP   ] TICK:  120 PC:  18 MPC: 18 IR:  65 RSC: -1 TOS:  115 AR:   9 SB:   9 SP:  2	POP
  DEBUG    root:simulation.py:50 [18: Opcode.POP   ] TICK:  121 PC:  18 MPC:  4 IR:  65 RSC: -1 TOS:  115 AR:   9 SB:   9 SP:  2	DATA_CACHE_WRITE_FETCH
  DEBUG    root:simulation.py:50 [18: Opcode.POP   ] TICK:  122 PC:  18 MPC: 19 IR:  65 RSC: -1 TOS:  115 AR:   9 SB:   9 SP:  2	POP
  DEBUG    root:simulation.py:50 [18: Opcode.POP   ] TICK:  124 PC:  18 MPC:  5 IR:  65 RSC: -1 TOS:   9 AR:   9 SB:   9 SP:  0	PROG_CACHE_READ_FETCH
  DEBUG    root:simulation.py:50 [19: Opcode.INC   ] TICK:  126 PC:  19 MPC:  2 IR:  32 RSC: -1 TOS:   9 AR:   9 SB:   9 SP:  0	INSTRUCTION_FETCH
  DEBUG    root:simulation.py:50 [19: Opcode.INC   ] TICK:  127 PC:  19 MPC: 28 IR:  32 RSC: -1 TOS:   9 AR:   9 SB:   9 SP:  0	INC
  DEBUG    root:simulation.py:50 [19: Opcode.INC   ] TICK:  129 PC:  19 MPC:  5 IR:  32 RSC: -1 TOS:  10 AR:   9 SB:   9 SP:  0	PROG_CACHE_READ_FETCH
  DEBUG    root:simulation.py:50 [20: Opcode.JMP   ] TICK:  131 PC:  20 MPC:  2 IR: 130 RSC: -1 TOS:  10 AR:   9 SB:   9 SP:  0	INSTRUCTION_FETCH
  DEBUG    root:simulation.py:50 [20: Opcode.JMP   ] TICK:  132 PC:  20 MPC:  8 IR: 130 RSC: -1 TOS:  10 AR:   9 SB:   9 SP:  0	JMP
  DEBUG    root:simulation.py:50 [20: Opcode.JMP   ] TICK:  133 PC:  20 MPC:  5 IR: 130 RSC: -1 TOS:  10 AR:   9 SB:   9 SP:  0	PROG_CACHE_READ_FETCH
  DEBUG    root:simulation.py:50 [20: Opcode.JMP   ] TICK:  134 PC:  20 MPC:  9 IR: 130 RSC: -1 TOS:  10 AR:   9 SB:   9 SP:  0	JMP
  DEBUG    root:simulation.py:50 [13: 7            ] TICK:  136 PC:  13 MPC:  5 IR: 130 RSC: -1 TOS:  10 AR:   9 SB:   9 SP:  0	PROG_CACHE_READ_FETCH
  DEBUG    root:simulation.py:50 [14: Opcode.DUP   ] TICK:  138 PC:  14 MPC:  2 IR:  69 RSC: -1 TOS:  10 AR:   9 SB:   9 SP:  0	INSTRUCTION_FETCH
  DEBUG    root:simulation.py:50 [14: Opcode.DUP   ] TICK:  139 PC:  14 MPC: 26 IR:  69 RSC: -1 TOS:  10 AR:   9 SB:   9 SP:  0	DUP
  DEBUG    root:simulation.py:50 [14: Opcode.DUP   ] TICK:  140 PC:  14 MPC: 27 IR:  69 RSC: -1 TOS:   9 AR:   9 SB:  10 SP:  1	DUP
  DEBUG    root:simulation.py:50 [14: Opcode.DUP   ] TICK:  142 PC:  14 MPC:  5 IR:  69 RSC: -1 TOS:  10 AR:   9 SB:  10 SP:  1	PROG_CACHE_READ_FETCH
  DEBUG    root:simulation.py:50 [15: Opcode.INPUT ] TICK:  144 PC:  15 MPC:  2 IR:  16 RSC: -1 TOS:  10 AR:   9 SB:  10 SP:  1	INSTRUCTION_FETCH
  DEBUG    root:simulation.py:50 [15: Opcode.INPUT ] TICK:  145 PC:  15 MPC: 35 IR:  16 RSC: -1 TOS:  10 AR:   9 SB:  10 SP:  1	INPUT
  DEBUG    root:simulation.py:50 [15: Opcode.INPUT ] TICK:  146 PC:  15 MPC: 36 IR:  16 RSC: -1 TOS:  115 AR:   9 SB:  10 SP:  2	INPUT
  DEBUG    root:datapath.py:181 input: t
  DEBUG    root:simulation.py:50 [15: Opcode.INPUT ] TICK:  148 PC:  15 MPC:  5 IR:  16 RSC: -1 TOS:  116 AR:   9 SB:  10 SP:  2	PROG_CACHE_READ_FETCH
  DEBUG    root:simulation.py:50 [16: Opcode.JZ    ] TICK:  150 PC:  16 MPC:  2 IR: 131 RSC: -1 TOS:  116 AR:   9 SB:  10 SP:  2	INSTRUCTION_FETCH
  DEBUG    root:simulation.py:50 [16: Opcode.JZ    ] TICK:  151 PC:  16 MPC: 10 IR: 131 RSC: -1 TOS:  116 AR:   9 SB:  10 SP:  2	JZ
  DEBUG    root:simulation.py:50 [16: Opcode.JZ    ] TICK:  152 PC:  16 MPC:  5 IR: 131 RSC: -1 TOS:  116 AR:   9 SB:  10 SP:  2	PROG_CACHE_READ_FETCH
  DEBUG    root:simulation.py:50 [16: Opcode.JZ    ] TICK:  153 PC:  16 MPC: 11 IR: 131 RSC: -1 TOS:  116 AR:   9 SB:  10 SP:  2	JZ
  DEBUG    root:simulation.py:50 [17: 21           ] TICK:  155 PC:  17 MPC:  5 IR: 131 RSC: -1 TOS:  116 AR:   9 SB:  10 SP:  2	PROG_CACHE_READ_FETCH
  DEBUG    root:simulation.py:50 [18: Opcode.POP   ] TICK:  157 PC:  18 MPC:  2 IR:  65 RSC: -1 TOS:  116 AR:   9 SB:  10 SP:  2	INSTRUCTION_FETCH
  DEBUG    root:simulation.py:50 [18: Opcode.POP   ] TICK:  158 PC:  18 MPC: 17 IR:  65 RSC: -1 TOS:  116 AR:   9 SB:  10 SP:  2	POP
  DEBUG    root:simulation.py:50 [18: Opcode.POP   ] TICK:  159 PC:  18 MPC: 18 IR:  65 RSC: -1 TOS:  116 AR:  10 SB:  10 SP:  2	POP
  DEBUG    root:simulation.py:50 [18: Opcode.POP   ] TICK:  160 PC:  18 MPC:  4 IR:  65 RSC: -1 TOS:  116 AR:  10 SB:  10 SP:  2	DATA_CACHE_WRITE_FETCH
  DEBUG    root:simulation.py:50 [18: Opcode.POP   ] TICK:  161 PC:  18 MPC: 19 IR:  65 RSC: -1 TOS:  116 AR:  10 SB:  10 SP:  2	POP
  DEBUG    root:simulation.py:50 [18: Opcode.POP   ] TICK:  163 PC:  18 MPC:  5 IR:  65 RSC: -1 TOS:  10 AR:  10 SB:  10 SP:  0	PROG_CACHE_READ_FETCH
  DEBUG    root:simulation.py:50 [19: Opcode.INC   ] TICK:  165 PC:  19 MPC:  2 IR:  32 RSC: -1 TOS:  10 AR:  10 SB:  10 SP:  0	INSTRUCTION_FETCH
  DEBUG    root:simulation.py:50 [19: Opcode.INC   ] TICK:  166 PC:  19 MPC: 28 IR:  32 RSC: -1 TOS:  10 AR:  10 SB:  10 SP:  0	INC
  DEBUG    root:simulation.py:50 [19: Opcode.INC   ] TICK:  168 PC:  19 MPC:  5 IR:  32 RSC: -1 TOS:  11 AR:  10 SB:  10 SP:  0	PROG_CACHE_READ_FETCH
  DEBUG    root:simulation.py:50 [20: Opcode.JMP   ] TICK:  170 PC:  20 MPC:  2 IR: 130 RSC: -1 TOS:  11 AR:  10 SB:  10 SP:  0	INSTRUCTION_FETCH
  DEBUG    root:simulation.py:50 [20: Opcode.JMP   ] TICK:  171 PC:  20 MPC:  8 IR: 130 RSC: -1 TOS:  11 AR:  10 SB:  10 SP:  0	JMP
  DEBUG    root:simulation.py:50 [20: Opcode.JMP   ] TICK:  172 PC:  20 MPC:  5 IR: 130 RSC: -1 TOS:  11 AR:  10 SB:  10 SP:  0	PROG_CACHE_READ_FETCH
  DEBUG    root:simulation.py:50 [20: Opcode.JMP   ] TICK:  173 PC:  20 MPC:  9 IR: 130 RSC: -1 TOS:  11 AR:  10 SB:  10 SP:  0	JMP
  DEBUG    root:simulation.py:50 [13: 7            ] TICK:  175 PC:  13 MPC:  5 IR: 130 RSC: -1 TOS:  11 AR:  10 SB:  10 SP:  0	PROG_CACHE_READ_FETCH
  DEBUG    root:simulation.py:50 [14: Opcode.DUP   ] TICK:  177 PC:  14 MPC:  2 IR:  69 RSC: -1 TOS:  11 AR:  10 SB:  10 SP:  0	INSTRUCTION_FETCH
  DEBUG    root:simulation.py:50 [14: Opcode.DUP   ] TICK:  178 PC:  14 MPC: 26 IR:  69 RSC: -1 TOS:  11 AR:  10 SB:  10 SP:  0	DUP
  DEBUG    root:simulation.py:50 [14: Opcode.DUP   ] TICK:  179 PC:  14 MPC: 27 IR:  69 RSC: -1 TOS:  10 AR:  10 SB:  11 SP:  1	DUP
  DEBUG    root:simulation.py:50 [14: Opcode.DUP   ] TICK:  181 PC:  14 MPC:  5 IR:  69 RSC: -1 TOS:  11 AR:  10 SB:  11 SP:  1	PROG_CACHE_READ_FETCH
  DEBUG    root:simulation.py:50 [15: Opcode.INPUT ] TICK:  183 PC:  15 MPC:  2 IR:  16 RSC: -1 TOS:  11 AR:  10 SB:  11 SP:  1	INSTRUCTION_FETCH
  DEBUG    root:simulation.py:50 [15: Opcode.INPUT ] TICK:  184 PC:  15 MPC: 35 IR:  16 RSC: -1 TOS:  11 AR:  10 SB:  11 SP:  1	INPUT
  DEBUG    root:simulation.py:50 [15: Opcode.INPUT ] TICK:  185 PC:  15 MPC: 36 IR:  16 RSC: -1 TOS:  116 AR:  10 SB:  11 SP:  2	INPUT
  DEBUG    root:datapath.py:181 input: y
  DEBUG    root:simulation.py:50 [15: Opcode.INPUT ] TICK:  187 PC:  15 MPC:  5 IR:  16 RSC: -1 TOS:  121 AR:  10 SB:  11 SP:  2	PROG_CACHE_READ_FETCH
  DEBUG    root:simulation.py:50 [16: Opcode.JZ    ] TICK:  189 PC:  16 MPC:  2 IR: 131 RSC: -1 TOS:  121 AR:  10 SB:  11 SP:  2	INSTRUCTION_FETCH
  DEBUG    root:simulation.py:50 [16: Opcode.JZ    ] TICK:  190 PC:  16 MPC: 10 IR: 131 RSC: -1 TOS:  121 AR:  10 SB:  11 SP:  2	JZ
  DEBUG    root:simulation.py:50 [16: Opcode.JZ    ] TICK:  191 PC:  16 MPC:  5 IR: 131 RSC: -1 TOS:  121 AR:  10 SB:  11 SP:  2	PROG_CACHE_READ_FETCH
  DEBUG    root:simulation.py:50 [16: Opcode.JZ    ] TICK:  192 PC:  16 MPC: 11 IR: 131 RSC: -1 TOS:  121 AR:  10 SB:  11 SP:  2	JZ
  DEBUG    root:simulation.py:50 [17: 21           ] TICK:  194 PC:  17 MPC:  5 IR: 131 RSC: -1 TOS:  121 AR:  10 SB:  11 SP:  2	PROG_CACHE_READ_FETCH
  DEBUG    root:simulation.py:50 [18: Opcode.POP   ] TICK:  196 PC:  18 MPC:  2 IR:  65 RSC: -1 TOS:  121 AR:  10 SB:  11 SP:  2	INSTRUCTION_FETCH
  DEBUG    root:simulation.py:50 [18: Opcode.POP   ] TICK:  197 PC:  18 MPC: 17 IR:  65 RSC: -1 TOS:  121 AR:  10 SB:  11 SP:  2	POP
  DEBUG    root:simulation.py:50 [18: Opcode.POP   ] TICK:  198 PC:  18 MPC: 18 IR:  65 RSC: -1 TOS:  121 AR:  11 SB:  11 SP:  2	POP
  DEBUG    root:simulation.py:50 [18: Opcode.POP   ] TICK:  199 PC:  18 MPC:  4 IR:  65 RSC: -1 TOS:  121 AR:  11 SB:  11 SP:  2	DATA_CACHE_WRITE_FETCH
  WARNING  root:simulation.py:58 Debug limit exceeded!
  DEBUG    root:datapath.py:181 input: a
  DEBUG    root:datapath.py:181 input: 
  DEBUG    root:datapath.py:186 output: H << 72
  DEBUG    root:datapath.py:186 output: He << 101
  DEBUG    root:datapath.py:186 output: Hel << 108
  DEBUG    root:datapath.py:186 output: Hell << 108
  DEBUG    root:datapath.py:186 output: Hello << 111
  DEBUG    root:datapath.py:186 output: Hello, << 44
  DEBUG    root:datapath.py:186 output: Hello,K << 75
  DEBUG    root:datapath.py:186 output: Hello,Ko << 111
  DEBUG    root:datapath.py:186 output: Hello,Kos << 115
  DEBUG    root:datapath.py:186 output: Hello,Kost << 116
  DEBUG    root:datapath.py:186 output: Hello,Kosty << 121
  DEBUG    root:datapath.py:186 output: Hello,Kostya << 97
  INFO     root:simulation.py:74 output_buffer: Hello,Kostya
  INFO     root:simulation.py:119 End simulation
