in_source: |-
  .data:
      str STRING Hello,
      buf BUFFER 64

  .code:
      JMP start

  print:
      DUP
      LOAD
      JZ after_print
      OUTPUT
      INC
      JMP print

  after_print:
      RET

  start:
      PUSH buf

  read:
      DUP
      INPUT
      JZ after_read
      POP
      INC
      JMP read

  after_read:
      DROP ; 0
      DROP ; dupped buf
      DROP ; buf
      PUSH str
      CALL print
      DROP ; 0
      DROP ; str
      PUSH buf
      CALL print
      DROP ; 0
      DROP ; str
      HLT
in_stdin: |-
  Kostya
out_mnemonics: |
  72 - 0082 000B - Opcode.JMP start
  74 - 0045      - Opcode.DUP
  75 - 0042      - Opcode.LOAD
  76 - 0083 000A - Opcode.JZ after_print
  78 - 0011      - Opcode.OUTPUT
  79 - 0020      - Opcode.INC
  80 - 0082 0002 - Opcode.JMP print
  82 - 0085      - Opcode.RET
  83 - 0040 0007 - Opcode.PUSH buf
  85 - 0045      - Opcode.DUP
  86 - 0010      - Opcode.INPUT
  87 - 0083 0015 - Opcode.JZ after_read
  89 - 0041      - Opcode.POP
  90 - 0020      - Opcode.INC
  91 - 0082 000D - Opcode.JMP read
  93 - 0043      - Opcode.DROP
  94 - 0043      - Opcode.DROP
  95 - 0043      - Opcode.DROP
  96 - 0040 0000 - Opcode.PUSH str
  98 - 0084 0002 - Opcode.CALL print
  100 - 0043      - Opcode.DROP
  101 - 0043      - Opcode.DROP
  102 - 0040 0007 - Opcode.PUSH buf
  104 - 0084 0002 - Opcode.CALL print
  106 - 0043      - Opcode.DROP
  107 - 0043      - Opcode.DROP
  108 - 0080      - Opcode.HLT
out_code:
- 71
- 72
- 101
- 108
- 108
- 111
- 44
- 0
- 0
- 0
- 0
- 0
- 0
- 0
- 0
- 0
- 0
- 0
- 0
- 0
- 0
- 0
- 0
- 0
- 0
- 0
- 0
- 0
- 0
- 0
- 0
- 0
- 0
- 0
- 0
- 0
- 0
- 0
- 0
- 0
- 0
- 0
- 0
- 0
- 0
- 0
- 0
- 0
- 0
- 0
- 0
- 0
- 0
- 0
- 0
- 0
- 0
- 0
- 0
- 0
- 0
- 0
- 0
- 0
- 0
- 0
- 0
- 0
- 0
- 0
- 0
- 0
- 130
- 11
- 69
- 66
- 131
- 10
- 17
- 32
- 130
- 2
- 133
- 64
- 7
- 69
- 16
- 131
- 21
- 65
- 32
- 130
- 13
- 67
- 67
- 67
- 64
- 0
- 132
- 2
- 67
- 67
- 64
- 7
- 132
- 2
- 67
- 67
- 128
out_stdout: |
  LoC: 42 Code bytes: 218
  ============================================================
  Hello,Kostya
  Instructions: 133 Ticks: 451
out_log: |
  INFO     root:machine.py:64 Start simulation
  DEBUG    root:machine.py:22 TICK:    0 PC:   0 MPC:  0 IR:   0 RSC: -1 TOS:  -1 AR:   0 SB:   0 SP: -1	None	Stack: [-1, -1, -1, -1, -1]	 Return: [-1, -1, -1, -1, -1]
  DEBUG    root:machine.py:31 TICK:    2 PC:   1 MPC:  4 IR: 130 RSC: -1 TOS:  -1 AR:   0 SB:   0 SP: -1	Opcode.JMP	Stack: [-1, -1, -1, -1, -1]	 Return: [-1, -1, -1, -1, -1]
  DEBUG    root:machine.py:31 TICK:    5 PC:  12 MPC:  9 IR:  64 RSC: -1 TOS:  -1 AR:   0 SB:   0 SP: -1	Opcode.PUSH	Stack: [-1, -1, -1, -1, -1]	 Return: [-1, -1, -1, -1, -1]
  DEBUG    root:machine.py:31 TICK:    6 PC:  12 MPC: 10 IR:  64 RSC: -1 TOS:  -1 AR:   0 SB:   0 SP:  0	Opcode.PUSH	Stack: [-1, -1, -1, -1, -1]	 Return: [-1, -1, -1, -1, -1]
  DEBUG    root:machine.py:31 TICK:    9 PC:  14 MPC: 18 IR:  69 RSC: -1 TOS:   7 AR:   0 SB:   0 SP:  0	Opcode.DUP	Stack: [7, -1, -1, -1, -1]	 Return: [-1, -1, -1, -1, -1]
  DEBUG    root:machine.py:31 TICK:   10 PC:  14 MPC: 19 IR:  69 RSC: -1 TOS:  -1 AR:   0 SB:   7 SP:  1	Opcode.DUP	Stack: [7, -1, -1, -1, -1]	 Return: [-1, -1, -1, -1, -1]
  DEBUG    root:machine.py:31 TICK:   13 PC:  15 MPC: 27 IR:  16 RSC: -1 TOS:   7 AR:   0 SB:   7 SP:  1	Opcode.INPUT	Stack: [7, 7, -1, -1, -1]	 Return: [-1, -1, -1, -1, -1]
  DEBUG    root:machine.py:31 TICK:   14 PC:  15 MPC: 28 IR:  16 RSC: -1 TOS:  -1 AR:   0 SB:   7 SP:  2	Opcode.INPUT	Stack: [7, 7, -1, -1, -1]	 Return: [-1, -1, -1, -1, -1]
  DEBUG    root:datapath.py:175 input: K
  DEBUG    root:machine.py:31 TICK:   17 PC:  16 MPC:  5 IR: 131 RSC: -1 TOS:  75 AR:   0 SB:   7 SP:  2	Opcode.JZ	Stack: [7, 7, 75, -1, -1]	 Return: [-1, -1, -1, -1, -1]
  DEBUG    root:machine.py:31 TICK:   20 PC:  18 MPC: 11 IR:  65 RSC: -1 TOS:  75 AR:   0 SB:   7 SP:  2	Opcode.POP	Stack: [7, 7, 75, -1, -1]	 Return: [-1, -1, -1, -1, -1]
  DEBUG    root:machine.py:31 TICK:   21 PC:  18 MPC: 12 IR:  65 RSC: -1 TOS:  75 AR:   7 SB:   7 SP:  2	Opcode.POP	Stack: [7, 7, 75, -1, -1]	 Return: [-1, -1, -1, -1, -1]
  DEBUG    root:machine.py:31 TICK:   24 PC:  19 MPC: 20 IR:  32 RSC: -1 TOS:   7 AR:   7 SB:   7 SP:  0	Opcode.INC	Stack: [7, 7, 75, -1, -1]	 Return: [-1, -1, -1, -1, -1]
  DEBUG    root:machine.py:31 TICK:   27 PC:  20 MPC:  4 IR: 130 RSC: -1 TOS:   8 AR:   7 SB:   7 SP:  0	Opcode.JMP	Stack: [8, 7, 75, -1, -1]	 Return: [-1, -1, -1, -1, -1]
  DEBUG    root:machine.py:31 TICK:   30 PC:  14 MPC: 18 IR:  69 RSC: -1 TOS:   8 AR:   7 SB:   7 SP:  0	Opcode.DUP	Stack: [8, 7, 75, -1, -1]	 Return: [-1, -1, -1, -1, -1]
  DEBUG    root:machine.py:31 TICK:   31 PC:  14 MPC: 19 IR:  69 RSC: -1 TOS:   7 AR:   7 SB:   8 SP:  1	Opcode.DUP	Stack: [8, 7, 75, -1, -1]	 Return: [-1, -1, -1, -1, -1]
  DEBUG    root:machine.py:31 TICK:   34 PC:  15 MPC: 27 IR:  16 RSC: -1 TOS:   8 AR:   7 SB:   8 SP:  1	Opcode.INPUT	Stack: [8, 8, 75, -1, -1]	 Return: [-1, -1, -1, -1, -1]
  DEBUG    root:machine.py:31 TICK:   35 PC:  15 MPC: 28 IR:  16 RSC: -1 TOS:  75 AR:   7 SB:   8 SP:  2	Opcode.INPUT	Stack: [8, 8, 75, -1, -1]	 Return: [-1, -1, -1, -1, -1]
  DEBUG    root:datapath.py:175 input: o
  DEBUG    root:machine.py:31 TICK:   38 PC:  16 MPC:  5 IR: 131 RSC: -1 TOS:  111 AR:   7 SB:   8 SP:  2	Opcode.JZ	Stack: [8, 8, 111, -1, -1]	 Return: [-1, -1, -1, -1, -1]
  DEBUG    root:machine.py:31 TICK:   41 PC:  18 MPC: 11 IR:  65 RSC: -1 TOS:  111 AR:   7 SB:   8 SP:  2	Opcode.POP	Stack: [8, 8, 111, -1, -1]	 Return: [-1, -1, -1, -1, -1]
  DEBUG    root:machine.py:31 TICK:   42 PC:  18 MPC: 12 IR:  65 RSC: -1 TOS:  111 AR:   8 SB:   8 SP:  2	Opcode.POP	Stack: [8, 8, 111, -1, -1]	 Return: [-1, -1, -1, -1, -1]
  DEBUG    root:machine.py:31 TICK:   45 PC:  19 MPC: 20 IR:  32 RSC: -1 TOS:   8 AR:   8 SB:   8 SP:  0	Opcode.INC	Stack: [8, 8, 111, -1, -1]	 Return: [-1, -1, -1, -1, -1]
  DEBUG    root:machine.py:31 TICK:   48 PC:  20 MPC:  4 IR: 130 RSC: -1 TOS:   9 AR:   8 SB:   8 SP:  0	Opcode.JMP	Stack: [9, 8, 111, -1, -1]	 Return: [-1, -1, -1, -1, -1]
  DEBUG    root:machine.py:31 TICK:   51 PC:  14 MPC: 18 IR:  69 RSC: -1 TOS:   9 AR:   8 SB:   8 SP:  0	Opcode.DUP	Stack: [9, 8, 111, -1, -1]	 Return: [-1, -1, -1, -1, -1]
  DEBUG    root:machine.py:31 TICK:   52 PC:  14 MPC: 19 IR:  69 RSC: -1 TOS:   8 AR:   8 SB:   9 SP:  1	Opcode.DUP	Stack: [9, 8, 111, -1, -1]	 Return: [-1, -1, -1, -1, -1]
  DEBUG    root:machine.py:31 TICK:   55 PC:  15 MPC: 27 IR:  16 RSC: -1 TOS:   9 AR:   8 SB:   9 SP:  1	Opcode.INPUT	Stack: [9, 9, 111, -1, -1]	 Return: [-1, -1, -1, -1, -1]
  DEBUG    root:machine.py:31 TICK:   56 PC:  15 MPC: 28 IR:  16 RSC: -1 TOS:  111 AR:   8 SB:   9 SP:  2	Opcode.INPUT	Stack: [9, 9, 111, -1, -1]	 Return: [-1, -1, -1, -1, -1]
  DEBUG    root:datapath.py:175 input: s
  DEBUG    root:machine.py:31 TICK:   59 PC:  16 MPC:  5 IR: 131 RSC: -1 TOS:  115 AR:   8 SB:   9 SP:  2	Opcode.JZ	Stack: [9, 9, 115, -1, -1]	 Return: [-1, -1, -1, -1, -1]
  DEBUG    root:machine.py:31 TICK:   62 PC:  18 MPC: 11 IR:  65 RSC: -1 TOS:  115 AR:   8 SB:   9 SP:  2	Opcode.POP	Stack: [9, 9, 115, -1, -1]	 Return: [-1, -1, -1, -1, -1]
  DEBUG    root:machine.py:31 TICK:   63 PC:  18 MPC: 12 IR:  65 RSC: -1 TOS:  115 AR:   9 SB:   9 SP:  2	Opcode.POP	Stack: [9, 9, 115, -1, -1]	 Return: [-1, -1, -1, -1, -1]
  DEBUG    root:machine.py:31 TICK:   66 PC:  19 MPC: 20 IR:  32 RSC: -1 TOS:   9 AR:   9 SB:   9 SP:  0	Opcode.INC	Stack: [9, 9, 115, -1, -1]	 Return: [-1, -1, -1, -1, -1]
  DEBUG    root:machine.py:31 TICK:   69 PC:  20 MPC:  4 IR: 130 RSC: -1 TOS:  10 AR:   9 SB:   9 SP:  0	Opcode.JMP	Stack: [10, 9, 115, -1, -1]	 Return: [-1, -1, -1, -1, -1]
  DEBUG    root:machine.py:31 TICK:   72 PC:  14 MPC: 18 IR:  69 RSC: -1 TOS:  10 AR:   9 SB:   9 SP:  0	Opcode.DUP	Stack: [10, 9, 115, -1, -1]	 Return: [-1, -1, -1, -1, -1]
  DEBUG    root:machine.py:31 TICK:   73 PC:  14 MPC: 19 IR:  69 RSC: -1 TOS:   9 AR:   9 SB:  10 SP:  1	Opcode.DUP	Stack: [10, 9, 115, -1, -1]	 Return: [-1, -1, -1, -1, -1]
  DEBUG    root:machine.py:31 TICK:   76 PC:  15 MPC: 27 IR:  16 RSC: -1 TOS:  10 AR:   9 SB:  10 SP:  1	Opcode.INPUT	Stack: [10, 10, 115, -1, -1]	 Return: [-1, -1, -1, -1, -1]
  DEBUG    root:machine.py:31 TICK:   77 PC:  15 MPC: 28 IR:  16 RSC: -1 TOS:  115 AR:   9 SB:  10 SP:  2	Opcode.INPUT	Stack: [10, 10, 115, -1, -1]	 Return: [-1, -1, -1, -1, -1]
  DEBUG    root:datapath.py:175 input: t
  DEBUG    root:machine.py:31 TICK:   80 PC:  16 MPC:  5 IR: 131 RSC: -1 TOS:  116 AR:   9 SB:  10 SP:  2	Opcode.JZ	Stack: [10, 10, 116, -1, -1]	 Return: [-1, -1, -1, -1, -1]
  DEBUG    root:machine.py:31 TICK:   83 PC:  18 MPC: 11 IR:  65 RSC: -1 TOS:  116 AR:   9 SB:  10 SP:  2	Opcode.POP	Stack: [10, 10, 116, -1, -1]	 Return: [-1, -1, -1, -1, -1]
  DEBUG    root:machine.py:31 TICK:   84 PC:  18 MPC: 12 IR:  65 RSC: -1 TOS:  116 AR:  10 SB:  10 SP:  2	Opcode.POP	Stack: [10, 10, 116, -1, -1]	 Return: [-1, -1, -1, -1, -1]
  DEBUG    root:machine.py:31 TICK:   87 PC:  19 MPC: 20 IR:  32 RSC: -1 TOS:  10 AR:  10 SB:  10 SP:  0	Opcode.INC	Stack: [10, 10, 116, -1, -1]	 Return: [-1, -1, -1, -1, -1]
  DEBUG    root:machine.py:31 TICK:   90 PC:  20 MPC:  4 IR: 130 RSC: -1 TOS:  11 AR:  10 SB:  10 SP:  0	Opcode.JMP	Stack: [11, 10, 116, -1, -1]	 Return: [-1, -1, -1, -1, -1]
  DEBUG    root:machine.py:31 TICK:   93 PC:  14 MPC: 18 IR:  69 RSC: -1 TOS:  11 AR:  10 SB:  10 SP:  0	Opcode.DUP	Stack: [11, 10, 116, -1, -1]	 Return: [-1, -1, -1, -1, -1]
  DEBUG    root:machine.py:31 TICK:   94 PC:  14 MPC: 19 IR:  69 RSC: -1 TOS:  10 AR:  10 SB:  11 SP:  1	Opcode.DUP	Stack: [11, 10, 116, -1, -1]	 Return: [-1, -1, -1, -1, -1]
  DEBUG    root:machine.py:31 TICK:   97 PC:  15 MPC: 27 IR:  16 RSC: -1 TOS:  11 AR:  10 SB:  11 SP:  1	Opcode.INPUT	Stack: [11, 11, 116, -1, -1]	 Return: [-1, -1, -1, -1, -1]
  DEBUG    root:machine.py:31 TICK:   98 PC:  15 MPC: 28 IR:  16 RSC: -1 TOS:  116 AR:  10 SB:  11 SP:  2	Opcode.INPUT	Stack: [11, 11, 116, -1, -1]	 Return: [-1, -1, -1, -1, -1]
  DEBUG    root:datapath.py:175 input: y
  DEBUG    root:machine.py:31 TICK:  101 PC:  16 MPC:  5 IR: 131 RSC: -1 TOS:  121 AR:  10 SB:  11 SP:  2	Opcode.JZ	Stack: [11, 11, 121, -1, -1]	 Return: [-1, -1, -1, -1, -1]
  DEBUG    root:machine.py:31 TICK:  104 PC:  18 MPC: 11 IR:  65 RSC: -1 TOS:  121 AR:  10 SB:  11 SP:  2	Opcode.POP	Stack: [11, 11, 121, -1, -1]	 Return: [-1, -1, -1, -1, -1]
  DEBUG    root:machine.py:31 TICK:  105 PC:  18 MPC: 12 IR:  65 RSC: -1 TOS:  121 AR:  11 SB:  11 SP:  2	Opcode.POP	Stack: [11, 11, 121, -1, -1]	 Return: [-1, -1, -1, -1, -1]
  DEBUG    root:machine.py:31 TICK:  108 PC:  19 MPC: 20 IR:  32 RSC: -1 TOS:  11 AR:  11 SB:  11 SP:  0	Opcode.INC	Stack: [11, 11, 121, -1, -1]	 Return: [-1, -1, -1, -1, -1]
  DEBUG    root:machine.py:31 TICK:  111 PC:  20 MPC:  4 IR: 130 RSC: -1 TOS:  12 AR:  11 SB:  11 SP:  0	Opcode.JMP	Stack: [12, 11, 121, -1, -1]	 Return: [-1, -1, -1, -1, -1]
  DEBUG    root:machine.py:31 TICK:  114 PC:  14 MPC: 18 IR:  69 RSC: -1 TOS:  12 AR:  11 SB:  11 SP:  0	Opcode.DUP	Stack: [12, 11, 121, -1, -1]	 Return: [-1, -1, -1, -1, -1]
  DEBUG    root:machine.py:31 TICK:  115 PC:  14 MPC: 19 IR:  69 RSC: -1 TOS:  11 AR:  11 SB:  12 SP:  1	Opcode.DUP	Stack: [12, 11, 121, -1, -1]	 Return: [-1, -1, -1, -1, -1]
  DEBUG    root:machine.py:31 TICK:  118 PC:  15 MPC: 27 IR:  16 RSC: -1 TOS:  12 AR:  11 SB:  12 SP:  1	Opcode.INPUT	Stack: [12, 12, 121, -1, -1]	 Return: [-1, -1, -1, -1, -1]
  DEBUG    root:machine.py:31 TICK:  119 PC:  15 MPC: 28 IR:  16 RSC: -1 TOS:  121 AR:  11 SB:  12 SP:  2	Opcode.INPUT	Stack: [12, 12, 121, -1, -1]	 Return: [-1, -1, -1, -1, -1]
  DEBUG    root:datapath.py:175 input: a
  DEBUG    root:machine.py:31 TICK:  122 PC:  16 MPC:  5 IR: 131 RSC: -1 TOS:  97 AR:  11 SB:  12 SP:  2	Opcode.JZ	Stack: [12, 12, 97, -1, -1]	 Return: [-1, -1, -1, -1, -1]
  DEBUG    root:machine.py:31 TICK:  125 PC:  18 MPC: 11 IR:  65 RSC: -1 TOS:  97 AR:  11 SB:  12 SP:  2	Opcode.POP	Stack: [12, 12, 97, -1, -1]	 Return: [-1, -1, -1, -1, -1]
  DEBUG    root:machine.py:31 TICK:  126 PC:  18 MPC: 12 IR:  65 RSC: -1 TOS:  97 AR:  12 SB:  12 SP:  2	Opcode.POP	Stack: [12, 12, 97, -1, -1]	 Return: [-1, -1, -1, -1, -1]
  DEBUG    root:machine.py:31 TICK:  129 PC:  19 MPC: 20 IR:  32 RSC: -1 TOS:  12 AR:  12 SB:  12 SP:  0	Opcode.INC	Stack: [12, 12, 97, -1, -1]	 Return: [-1, -1, -1, -1, -1]
  DEBUG    root:machine.py:31 TICK:  132 PC:  20 MPC:  4 IR: 130 RSC: -1 TOS:  13 AR:  12 SB:  12 SP:  0	Opcode.JMP	Stack: [13, 12, 97, -1, -1]	 Return: [-1, -1, -1, -1, -1]
  DEBUG    root:machine.py:31 TICK:  135 PC:  14 MPC: 18 IR:  69 RSC: -1 TOS:  13 AR:  12 SB:  12 SP:  0	Opcode.DUP	Stack: [13, 12, 97, -1, -1]	 Return: [-1, -1, -1, -1, -1]
  DEBUG    root:machine.py:31 TICK:  136 PC:  14 MPC: 19 IR:  69 RSC: -1 TOS:  12 AR:  12 SB:  13 SP:  1	Opcode.DUP	Stack: [13, 12, 97, -1, -1]	 Return: [-1, -1, -1, -1, -1]
  DEBUG    root:machine.py:31 TICK:  139 PC:  15 MPC: 27 IR:  16 RSC: -1 TOS:  13 AR:  12 SB:  13 SP:  1	Opcode.INPUT	Stack: [13, 13, 97, -1, -1]	 Return: [-1, -1, -1, -1, -1]
  DEBUG    root:machine.py:31 TICK:  140 PC:  15 MPC: 28 IR:  16 RSC: -1 TOS:  97 AR:  12 SB:  13 SP:  2	Opcode.INPUT	Stack: [13, 13, 97, -1, -1]	 Return: [-1, -1, -1, -1, -1]
  DEBUG    root:datapath.py:175 input: 
  DEBUG    root:machine.py:31 TICK:  143 PC:  16 MPC:  5 IR: 131 RSC: -1 TOS:   0 AR:  12 SB:  13 SP:  2	Opcode.JZ	Stack: [13, 13, 0, -1, -1]	 Return: [-1, -1, -1, -1, -1]
  DEBUG    root:machine.py:31 TICK:  146 PC:  22 MPC: 15 IR:  67 RSC: -1 TOS:   0 AR:  12 SB:  13 SP:  2	Opcode.DROP	Stack: [13, 13, 0, -1, -1]	 Return: [-1, -1, -1, -1, -1]
  DEBUG    root:machine.py:31 TICK:  149 PC:  23 MPC: 15 IR:  67 RSC: -1 TOS:  13 AR:  12 SB:  13 SP:  1	Opcode.DROP	Stack: [13, 13, 0, -1, -1]	 Return: [-1, -1, -1, -1, -1]
  DEBUG    root:machine.py:31 TICK:  152 PC:  24 MPC: 15 IR:  67 RSC: -1 TOS:  13 AR:  12 SB:  13 SP:  0	Opcode.DROP	Stack: [13, 13, 0, -1, -1]	 Return: [-1, -1, -1, -1, -1]
  DEBUG    root:machine.py:31 TICK:  155 PC:  25 MPC:  9 IR:  64 RSC: -1 TOS:  -1 AR:  12 SB:  13 SP: -1	Opcode.PUSH	Stack: [13, 13, 0, -1, -1]	 Return: [-1, -1, -1, -1, -1]
  DEBUG    root:machine.py:31 TICK:  156 PC:  25 MPC: 10 IR:  64 RSC: -1 TOS:  13 AR:  12 SB:  13 SP:  0	Opcode.PUSH	Stack: [13, 13, 0, -1, -1]	 Return: [-1, -1, -1, -1, -1]
  DEBUG    root:machine.py:31 TICK:  159 PC:  27 MPC:  6 IR: 132 RSC: -1 TOS:   0 AR:  12 SB:  13 SP:  0	Opcode.CALL	Stack: [0, 13, 0, -1, -1]	 Return: [-1, -1, -1, -1, -1]
  DEBUG    root:machine.py:31 TICK:  160 PC:  27 MPC:  7 IR: 132 RSC:  0 TOS:   0 AR:  12 SB:  13 SP:  0	Opcode.CALL	Stack: [0, 13, 0, -1, -1]	 Return: [-1, -1, -1, -1, -1]
  DEBUG    root:machine.py:31 TICK:  163 PC:   3 MPC: 18 IR:  69 RSC:  0 TOS:   0 AR:  12 SB:  13 SP:  0	Opcode.DUP	Stack: [0, 13, 0, -1, -1]	 Return: [28, -1, -1, -1, -1]
  DEBUG    root:machine.py:31 TICK:  164 PC:   3 MPC: 19 IR:  69 RSC:  0 TOS:  13 AR:  12 SB:   0 SP:  1	Opcode.DUP	Stack: [0, 13, 0, -1, -1]	 Return: [28, -1, -1, -1, -1]
  DEBUG    root:machine.py:31 TICK:  167 PC:   4 MPC: 13 IR:  66 RSC:  0 TOS:   0 AR:  12 SB:   0 SP:  1	Opcode.LOAD	Stack: [0, 0, 0, -1, -1]	 Return: [28, -1, -1, -1, -1]
  DEBUG    root:machine.py:31 TICK:  168 PC:   4 MPC: 14 IR:  66 RSC:  0 TOS:   0 AR:   0 SB:   0 SP:  1	Opcode.LOAD	Stack: [0, 0, 0, -1, -1]	 Return: [28, -1, -1, -1, -1]
  DEBUG    root:machine.py:31 TICK:  171 PC:   5 MPC:  5 IR: 131 RSC:  0 TOS:  72 AR:   0 SB:   0 SP:  1	Opcode.JZ	Stack: [0, 72, 0, -1, -1]	 Return: [28, -1, -1, -1, -1]
  DEBUG    root:machine.py:31 TICK:  174 PC:   7 MPC: 29 IR:  17 RSC:  0 TOS:  72 AR:   0 SB:   0 SP:  1	Opcode.OUTPUT	Stack: [0, 72, 0, -1, -1]	 Return: [28, -1, -1, -1, -1]
  DEBUG    root:datapath.py:180 output: H << 72
  DEBUG    root:machine.py:31 TICK:  177 PC:   8 MPC: 20 IR:  32 RSC:  0 TOS:   0 AR:   0 SB:   0 SP:  0	Opcode.INC	Stack: [0, 72, 0, -1, -1]	 Return: [28, -1, -1, -1, -1]
  DEBUG    root:machine.py:31 TICK:  180 PC:   9 MPC:  4 IR: 130 RSC:  0 TOS:   1 AR:   0 SB:   0 SP:  0	Opcode.JMP	Stack: [1, 72, 0, -1, -1]	 Return: [28, -1, -1, -1, -1]
  DEBUG    root:machine.py:31 TICK:  183 PC:   3 MPC: 18 IR:  69 RSC:  0 TOS:   1 AR:   0 SB:   0 SP:  0	Opcode.DUP	Stack: [1, 72, 0, -1, -1]	 Return: [28, -1, -1, -1, -1]
  DEBUG    root:machine.py:31 TICK:  184 PC:   3 MPC: 19 IR:  69 RSC:  0 TOS:  72 AR:   0 SB:   1 SP:  1	Opcode.DUP	Stack: [1, 72, 0, -1, -1]	 Return: [28, -1, -1, -1, -1]
  DEBUG    root:machine.py:31 TICK:  187 PC:   4 MPC: 13 IR:  66 RSC:  0 TOS:   1 AR:   0 SB:   1 SP:  1	Opcode.LOAD	Stack: [1, 1, 0, -1, -1]	 Return: [28, -1, -1, -1, -1]
  DEBUG    root:machine.py:31 TICK:  188 PC:   4 MPC: 14 IR:  66 RSC:  0 TOS:   1 AR:   1 SB:   1 SP:  1	Opcode.LOAD	Stack: [1, 1, 0, -1, -1]	 Return: [28, -1, -1, -1, -1]
  DEBUG    root:machine.py:31 TICK:  191 PC:   5 MPC:  5 IR: 131 RSC:  0 TOS:  101 AR:   1 SB:   1 SP:  1	Opcode.JZ	Stack: [1, 101, 0, -1, -1]	 Return: [28, -1, -1, -1, -1]
  DEBUG    root:machine.py:31 TICK:  194 PC:   7 MPC: 29 IR:  17 RSC:  0 TOS:  101 AR:   1 SB:   1 SP:  1	Opcode.OUTPUT	Stack: [1, 101, 0, -1, -1]	 Return: [28, -1, -1, -1, -1]
  DEBUG    root:datapath.py:180 output: He << 101
  DEBUG    root:machine.py:31 TICK:  197 PC:   8 MPC: 20 IR:  32 RSC:  0 TOS:   1 AR:   1 SB:   1 SP:  0	Opcode.INC	Stack: [1, 101, 0, -1, -1]	 Return: [28, -1, -1, -1, -1]
  DEBUG    root:machine.py:31 TICK:  200 PC:   9 MPC:  4 IR: 130 RSC:  0 TOS:   2 AR:   1 SB:   1 SP:  0	Opcode.JMP	Stack: [2, 101, 0, -1, -1]	 Return: [28, -1, -1, -1, -1]
  DEBUG    root:machine.py:31 TICK:  203 PC:   3 MPC: 18 IR:  69 RSC:  0 TOS:   2 AR:   1 SB:   1 SP:  0	Opcode.DUP	Stack: [2, 101, 0, -1, -1]	 Return: [28, -1, -1, -1, -1]
  DEBUG    root:machine.py:31 TICK:  204 PC:   3 MPC: 19 IR:  69 RSC:  0 TOS:  101 AR:   1 SB:   2 SP:  1	Opcode.DUP	Stack: [2, 101, 0, -1, -1]	 Return: [28, -1, -1, -1, -1]
  DEBUG    root:machine.py:31 TICK:  207 PC:   4 MPC: 13 IR:  66 RSC:  0 TOS:   2 AR:   1 SB:   2 SP:  1	Opcode.LOAD	Stack: [2, 2, 0, -1, -1]	 Return: [28, -1, -1, -1, -1]
  DEBUG    root:machine.py:31 TICK:  208 PC:   4 MPC: 14 IR:  66 RSC:  0 TOS:   2 AR:   2 SB:   2 SP:  1	Opcode.LOAD	Stack: [2, 2, 0, -1, -1]	 Return: [28, -1, -1, -1, -1]
  DEBUG    root:machine.py:31 TICK:  211 PC:   5 MPC:  5 IR: 131 RSC:  0 TOS:  108 AR:   2 SB:   2 SP:  1	Opcode.JZ	Stack: [2, 108, 0, -1, -1]	 Return: [28, -1, -1, -1, -1]
  DEBUG    root:machine.py:31 TICK:  214 PC:   7 MPC: 29 IR:  17 RSC:  0 TOS:  108 AR:   2 SB:   2 SP:  1	Opcode.OUTPUT	Stack: [2, 108, 0, -1, -1]	 Return: [28, -1, -1, -1, -1]
  DEBUG    root:datapath.py:180 output: Hel << 108
  DEBUG    root:machine.py:31 TICK:  217 PC:   8 MPC: 20 IR:  32 RSC:  0 TOS:   2 AR:   2 SB:   2 SP:  0	Opcode.INC	Stack: [2, 108, 0, -1, -1]	 Return: [28, -1, -1, -1, -1]
  DEBUG    root:machine.py:31 TICK:  220 PC:   9 MPC:  4 IR: 130 RSC:  0 TOS:   3 AR:   2 SB:   2 SP:  0	Opcode.JMP	Stack: [3, 108, 0, -1, -1]	 Return: [28, -1, -1, -1, -1]
  DEBUG    root:machine.py:31 TICK:  223 PC:   3 MPC: 18 IR:  69 RSC:  0 TOS:   3 AR:   2 SB:   2 SP:  0	Opcode.DUP	Stack: [3, 108, 0, -1, -1]	 Return: [28, -1, -1, -1, -1]
  DEBUG    root:machine.py:31 TICK:  224 PC:   3 MPC: 19 IR:  69 RSC:  0 TOS:  108 AR:   2 SB:   3 SP:  1	Opcode.DUP	Stack: [3, 108, 0, -1, -1]	 Return: [28, -1, -1, -1, -1]
  DEBUG    root:machine.py:31 TICK:  227 PC:   4 MPC: 13 IR:  66 RSC:  0 TOS:   3 AR:   2 SB:   3 SP:  1	Opcode.LOAD	Stack: [3, 3, 0, -1, -1]	 Return: [28, -1, -1, -1, -1]
  DEBUG    root:machine.py:31 TICK:  228 PC:   4 MPC: 14 IR:  66 RSC:  0 TOS:   3 AR:   3 SB:   3 SP:  1	Opcode.LOAD	Stack: [3, 3, 0, -1, -1]	 Return: [28, -1, -1, -1, -1]
  DEBUG    root:machine.py:31 TICK:  231 PC:   5 MPC:  5 IR: 131 RSC:  0 TOS:  108 AR:   3 SB:   3 SP:  1	Opcode.JZ	Stack: [3, 108, 0, -1, -1]	 Return: [28, -1, -1, -1, -1]
  DEBUG    root:machine.py:31 TICK:  234 PC:   7 MPC: 29 IR:  17 RSC:  0 TOS:  108 AR:   3 SB:   3 SP:  1	Opcode.OUTPUT	Stack: [3, 108, 0, -1, -1]	 Return: [28, -1, -1, -1, -1]
  DEBUG    root:datapath.py:180 output: Hell << 108
  DEBUG    root:machine.py:31 TICK:  237 PC:   8 MPC: 20 IR:  32 RSC:  0 TOS:   3 AR:   3 SB:   3 SP:  0	Opcode.INC	Stack: [3, 108, 0, -1, -1]	 Return: [28, -1, -1, -1, -1]
  DEBUG    root:machine.py:31 TICK:  240 PC:   9 MPC:  4 IR: 130 RSC:  0 TOS:   4 AR:   3 SB:   3 SP:  0	Opcode.JMP	Stack: [4, 108, 0, -1, -1]	 Return: [28, -1, -1, -1, -1]
  DEBUG    root:machine.py:31 TICK:  243 PC:   3 MPC: 18 IR:  69 RSC:  0 TOS:   4 AR:   3 SB:   3 SP:  0	Opcode.DUP	Stack: [4, 108, 0, -1, -1]	 Return: [28, -1, -1, -1, -1]
  DEBUG    root:machine.py:31 TICK:  244 PC:   3 MPC: 19 IR:  69 RSC:  0 TOS:  108 AR:   3 SB:   4 SP:  1	Opcode.DUP	Stack: [4, 108, 0, -1, -1]	 Return: [28, -1, -1, -1, -1]
  DEBUG    root:machine.py:31 TICK:  247 PC:   4 MPC: 13 IR:  66 RSC:  0 TOS:   4 AR:   3 SB:   4 SP:  1	Opcode.LOAD	Stack: [4, 4, 0, -1, -1]	 Return: [28, -1, -1, -1, -1]
  DEBUG    root:machine.py:31 TICK:  248 PC:   4 MPC: 14 IR:  66 RSC:  0 TOS:   4 AR:   4 SB:   4 SP:  1	Opcode.LOAD	Stack: [4, 4, 0, -1, -1]	 Return: [28, -1, -1, -1, -1]
  DEBUG    root:machine.py:31 TICK:  251 PC:   5 MPC:  5 IR: 131 RSC:  0 TOS:  111 AR:   4 SB:   4 SP:  1	Opcode.JZ	Stack: [4, 111, 0, -1, -1]	 Return: [28, -1, -1, -1, -1]
  DEBUG    root:machine.py:31 TICK:  254 PC:   7 MPC: 29 IR:  17 RSC:  0 TOS:  111 AR:   4 SB:   4 SP:  1	Opcode.OUTPUT	Stack: [4, 111, 0, -1, -1]	 Return: [28, -1, -1, -1, -1]
  DEBUG    root:datapath.py:180 output: Hello << 111
  DEBUG    root:machine.py:31 TICK:  257 PC:   8 MPC: 20 IR:  32 RSC:  0 TOS:   4 AR:   4 SB:   4 SP:  0	Opcode.INC	Stack: [4, 111, 0, -1, -1]	 Return: [28, -1, -1, -1, -1]
  DEBUG    root:machine.py:31 TICK:  260 PC:   9 MPC:  4 IR: 130 RSC:  0 TOS:   5 AR:   4 SB:   4 SP:  0	Opcode.JMP	Stack: [5, 111, 0, -1, -1]	 Return: [28, -1, -1, -1, -1]
  DEBUG    root:machine.py:31 TICK:  263 PC:   3 MPC: 18 IR:  69 RSC:  0 TOS:   5 AR:   4 SB:   4 SP:  0	Opcode.DUP	Stack: [5, 111, 0, -1, -1]	 Return: [28, -1, -1, -1, -1]
  DEBUG    root:machine.py:31 TICK:  264 PC:   3 MPC: 19 IR:  69 RSC:  0 TOS:  111 AR:   4 SB:   5 SP:  1	Opcode.DUP	Stack: [5, 111, 0, -1, -1]	 Return: [28, -1, -1, -1, -1]
  DEBUG    root:machine.py:31 TICK:  267 PC:   4 MPC: 13 IR:  66 RSC:  0 TOS:   5 AR:   4 SB:   5 SP:  1	Opcode.LOAD	Stack: [5, 5, 0, -1, -1]	 Return: [28, -1, -1, -1, -1]
  DEBUG    root:machine.py:31 TICK:  268 PC:   4 MPC: 14 IR:  66 RSC:  0 TOS:   5 AR:   5 SB:   5 SP:  1	Opcode.LOAD	Stack: [5, 5, 0, -1, -1]	 Return: [28, -1, -1, -1, -1]
  DEBUG    root:machine.py:31 TICK:  271 PC:   5 MPC:  5 IR: 131 RSC:  0 TOS:  44 AR:   5 SB:   5 SP:  1	Opcode.JZ	Stack: [5, 44, 0, -1, -1]	 Return: [28, -1, -1, -1, -1]
  DEBUG    root:machine.py:31 TICK:  274 PC:   7 MPC: 29 IR:  17 RSC:  0 TOS:  44 AR:   5 SB:   5 SP:  1	Opcode.OUTPUT	Stack: [5, 44, 0, -1, -1]	 Return: [28, -1, -1, -1, -1]
  DEBUG    root:datapath.py:180 output: Hello, << 44
  DEBUG    root:machine.py:31 TICK:  277 PC:   8 MPC: 20 IR:  32 RSC:  0 TOS:   5 AR:   5 SB:   5 SP:  0	Opcode.INC	Stack: [5, 44, 0, -1, -1]	 Return: [28, -1, -1, -1, -1]
  DEBUG    root:machine.py:31 TICK:  280 PC:   9 MPC:  4 IR: 130 RSC:  0 TOS:   6 AR:   5 SB:   5 SP:  0	Opcode.JMP	Stack: [6, 44, 0, -1, -1]	 Return: [28, -1, -1, -1, -1]
  DEBUG    root:machine.py:31 TICK:  283 PC:   3 MPC: 18 IR:  69 RSC:  0 TOS:   6 AR:   5 SB:   5 SP:  0	Opcode.DUP	Stack: [6, 44, 0, -1, -1]	 Return: [28, -1, -1, -1, -1]
  DEBUG    root:machine.py:31 TICK:  284 PC:   3 MPC: 19 IR:  69 RSC:  0 TOS:  44 AR:   5 SB:   6 SP:  1	Opcode.DUP	Stack: [6, 44, 0, -1, -1]	 Return: [28, -1, -1, -1, -1]
  DEBUG    root:machine.py:31 TICK:  287 PC:   4 MPC: 13 IR:  66 RSC:  0 TOS:   6 AR:   5 SB:   6 SP:  1	Opcode.LOAD	Stack: [6, 6, 0, -1, -1]	 Return: [28, -1, -1, -1, -1]
  DEBUG    root:machine.py:31 TICK:  288 PC:   4 MPC: 14 IR:  66 RSC:  0 TOS:   6 AR:   6 SB:   6 SP:  1	Opcode.LOAD	Stack: [6, 6, 0, -1, -1]	 Return: [28, -1, -1, -1, -1]
  DEBUG    root:machine.py:31 TICK:  291 PC:   5 MPC:  5 IR: 131 RSC:  0 TOS:   0 AR:   6 SB:   6 SP:  1	Opcode.JZ	Stack: [6, 0, 0, -1, -1]	 Return: [28, -1, -1, -1, -1]
  DEBUG    root:machine.py:31 TICK:  294 PC:  11 MPC:  8 IR: 133 RSC:  0 TOS:   0 AR:   6 SB:   6 SP:  1	Opcode.RET	Stack: [6, 0, 0, -1, -1]	 Return: [28, -1, -1, -1, -1]
  DEBUG    root:machine.py:31 TICK:  297 PC:  29 MPC: 15 IR:  67 RSC: -1 TOS:   0 AR:   6 SB:   6 SP:  1	Opcode.DROP	Stack: [6, 0, 0, -1, -1]	 Return: [28, -1, -1, -1, -1]
  DEBUG    root:machine.py:31 TICK:  300 PC:  30 MPC: 15 IR:  67 RSC: -1 TOS:   6 AR:   6 SB:   6 SP:  0	Opcode.DROP	Stack: [6, 0, 0, -1, -1]	 Return: [28, -1, -1, -1, -1]
  DEBUG    root:machine.py:31 TICK:  303 PC:  31 MPC:  9 IR:  64 RSC: -1 TOS:  -1 AR:   6 SB:   6 SP: -1	Opcode.PUSH	Stack: [6, 0, 0, -1, -1]	 Return: [28, -1, -1, -1, -1]
  DEBUG    root:machine.py:31 TICK:  304 PC:  31 MPC: 10 IR:  64 RSC: -1 TOS:   6 AR:   6 SB:   6 SP:  0	Opcode.PUSH	Stack: [6, 0, 0, -1, -1]	 Return: [28, -1, -1, -1, -1]
  DEBUG    root:machine.py:31 TICK:  307 PC:  33 MPC:  6 IR: 132 RSC: -1 TOS:   7 AR:   6 SB:   6 SP:  0	Opcode.CALL	Stack: [7, 0, 0, -1, -1]	 Return: [28, -1, -1, -1, -1]
  DEBUG    root:machine.py:31 TICK:  308 PC:  33 MPC:  7 IR: 132 RSC:  0 TOS:   7 AR:   6 SB:   6 SP:  0	Opcode.CALL	Stack: [7, 0, 0, -1, -1]	 Return: [28, -1, -1, -1, -1]
  DEBUG    root:machine.py:31 TICK:  311 PC:   3 MPC: 18 IR:  69 RSC:  0 TOS:   7 AR:   6 SB:   6 SP:  0	Opcode.DUP	Stack: [7, 0, 0, -1, -1]	 Return: [34, -1, -1, -1, -1]
  DEBUG    root:machine.py:31 TICK:  312 PC:   3 MPC: 19 IR:  69 RSC:  0 TOS:   0 AR:   6 SB:   7 SP:  1	Opcode.DUP	Stack: [7, 0, 0, -1, -1]	 Return: [34, -1, -1, -1, -1]
  DEBUG    root:machine.py:31 TICK:  315 PC:   4 MPC: 13 IR:  66 RSC:  0 TOS:   7 AR:   6 SB:   7 SP:  1	Opcode.LOAD	Stack: [7, 7, 0, -1, -1]	 Return: [34, -1, -1, -1, -1]
  DEBUG    root:machine.py:31 TICK:  316 PC:   4 MPC: 14 IR:  66 RSC:  0 TOS:   7 AR:   7 SB:   7 SP:  1	Opcode.LOAD	Stack: [7, 7, 0, -1, -1]	 Return: [34, -1, -1, -1, -1]
  DEBUG    root:machine.py:31 TICK:  319 PC:   5 MPC:  5 IR: 131 RSC:  0 TOS:  75 AR:   7 SB:   7 SP:  1	Opcode.JZ	Stack: [7, 75, 0, -1, -1]	 Return: [34, -1, -1, -1, -1]
  DEBUG    root:machine.py:31 TICK:  322 PC:   7 MPC: 29 IR:  17 RSC:  0 TOS:  75 AR:   7 SB:   7 SP:  1	Opcode.OUTPUT	Stack: [7, 75, 0, -1, -1]	 Return: [34, -1, -1, -1, -1]
  DEBUG    root:datapath.py:180 output: Hello,K << 75
  DEBUG    root:machine.py:31 TICK:  325 PC:   8 MPC: 20 IR:  32 RSC:  0 TOS:   7 AR:   7 SB:   7 SP:  0	Opcode.INC	Stack: [7, 75, 0, -1, -1]	 Return: [34, -1, -1, -1, -1]
  DEBUG    root:machine.py:31 TICK:  328 PC:   9 MPC:  4 IR: 130 RSC:  0 TOS:   8 AR:   7 SB:   7 SP:  0	Opcode.JMP	Stack: [8, 75, 0, -1, -1]	 Return: [34, -1, -1, -1, -1]
  DEBUG    root:machine.py:31 TICK:  331 PC:   3 MPC: 18 IR:  69 RSC:  0 TOS:   8 AR:   7 SB:   7 SP:  0	Opcode.DUP	Stack: [8, 75, 0, -1, -1]	 Return: [34, -1, -1, -1, -1]
  DEBUG    root:machine.py:31 TICK:  332 PC:   3 MPC: 19 IR:  69 RSC:  0 TOS:  75 AR:   7 SB:   8 SP:  1	Opcode.DUP	Stack: [8, 75, 0, -1, -1]	 Return: [34, -1, -1, -1, -1]
  DEBUG    root:machine.py:31 TICK:  335 PC:   4 MPC: 13 IR:  66 RSC:  0 TOS:   8 AR:   7 SB:   8 SP:  1	Opcode.LOAD	Stack: [8, 8, 0, -1, -1]	 Return: [34, -1, -1, -1, -1]
  DEBUG    root:machine.py:31 TICK:  336 PC:   4 MPC: 14 IR:  66 RSC:  0 TOS:   8 AR:   8 SB:   8 SP:  1	Opcode.LOAD	Stack: [8, 8, 0, -1, -1]	 Return: [34, -1, -1, -1, -1]
  DEBUG    root:machine.py:31 TICK:  339 PC:   5 MPC:  5 IR: 131 RSC:  0 TOS:  111 AR:   8 SB:   8 SP:  1	Opcode.JZ	Stack: [8, 111, 0, -1, -1]	 Return: [34, -1, -1, -1, -1]
  DEBUG    root:machine.py:31 TICK:  342 PC:   7 MPC: 29 IR:  17 RSC:  0 TOS:  111 AR:   8 SB:   8 SP:  1	Opcode.OUTPUT	Stack: [8, 111, 0, -1, -1]	 Return: [34, -1, -1, -1, -1]
  DEBUG    root:datapath.py:180 output: Hello,Ko << 111
  DEBUG    root:machine.py:31 TICK:  345 PC:   8 MPC: 20 IR:  32 RSC:  0 TOS:   8 AR:   8 SB:   8 SP:  0	Opcode.INC	Stack: [8, 111, 0, -1, -1]	 Return: [34, -1, -1, -1, -1]
  DEBUG    root:machine.py:31 TICK:  348 PC:   9 MPC:  4 IR: 130 RSC:  0 TOS:   9 AR:   8 SB:   8 SP:  0	Opcode.JMP	Stack: [9, 111, 0, -1, -1]	 Return: [34, -1, -1, -1, -1]
  DEBUG    root:machine.py:31 TICK:  351 PC:   3 MPC: 18 IR:  69 RSC:  0 TOS:   9 AR:   8 SB:   8 SP:  0	Opcode.DUP	Stack: [9, 111, 0, -1, -1]	 Return: [34, -1, -1, -1, -1]
  DEBUG    root:machine.py:31 TICK:  352 PC:   3 MPC: 19 IR:  69 RSC:  0 TOS:  111 AR:   8 SB:   9 SP:  1	Opcode.DUP	Stack: [9, 111, 0, -1, -1]	 Return: [34, -1, -1, -1, -1]
  DEBUG    root:machine.py:31 TICK:  355 PC:   4 MPC: 13 IR:  66 RSC:  0 TOS:   9 AR:   8 SB:   9 SP:  1	Opcode.LOAD	Stack: [9, 9, 0, -1, -1]	 Return: [34, -1, -1, -1, -1]
  DEBUG    root:machine.py:31 TICK:  356 PC:   4 MPC: 14 IR:  66 RSC:  0 TOS:   9 AR:   9 SB:   9 SP:  1	Opcode.LOAD	Stack: [9, 9, 0, -1, -1]	 Return: [34, -1, -1, -1, -1]
  DEBUG    root:machine.py:31 TICK:  359 PC:   5 MPC:  5 IR: 131 RSC:  0 TOS:  115 AR:   9 SB:   9 SP:  1	Opcode.JZ	Stack: [9, 115, 0, -1, -1]	 Return: [34, -1, -1, -1, -1]
  DEBUG    root:machine.py:31 TICK:  362 PC:   7 MPC: 29 IR:  17 RSC:  0 TOS:  115 AR:   9 SB:   9 SP:  1	Opcode.OUTPUT	Stack: [9, 115, 0, -1, -1]	 Return: [34, -1, -1, -1, -1]
  DEBUG    root:datapath.py:180 output: Hello,Kos << 115
  DEBUG    root:machine.py:31 TICK:  365 PC:   8 MPC: 20 IR:  32 RSC:  0 TOS:   9 AR:   9 SB:   9 SP:  0	Opcode.INC	Stack: [9, 115, 0, -1, -1]	 Return: [34, -1, -1, -1, -1]
  DEBUG    root:machine.py:31 TICK:  368 PC:   9 MPC:  4 IR: 130 RSC:  0 TOS:  10 AR:   9 SB:   9 SP:  0	Opcode.JMP	Stack: [10, 115, 0, -1, -1]	 Return: [34, -1, -1, -1, -1]
  DEBUG    root:machine.py:31 TICK:  371 PC:   3 MPC: 18 IR:  69 RSC:  0 TOS:  10 AR:   9 SB:   9 SP:  0	Opcode.DUP	Stack: [10, 115, 0, -1, -1]	 Return: [34, -1, -1, -1, -1]
  DEBUG    root:machine.py:31 TICK:  372 PC:   3 MPC: 19 IR:  69 RSC:  0 TOS:  115 AR:   9 SB:  10 SP:  1	Opcode.DUP	Stack: [10, 115, 0, -1, -1]	 Return: [34, -1, -1, -1, -1]
  DEBUG    root:machine.py:31 TICK:  375 PC:   4 MPC: 13 IR:  66 RSC:  0 TOS:  10 AR:   9 SB:  10 SP:  1	Opcode.LOAD	Stack: [10, 10, 0, -1, -1]	 Return: [34, -1, -1, -1, -1]
  DEBUG    root:machine.py:31 TICK:  376 PC:   4 MPC: 14 IR:  66 RSC:  0 TOS:  10 AR:  10 SB:  10 SP:  1	Opcode.LOAD	Stack: [10, 10, 0, -1, -1]	 Return: [34, -1, -1, -1, -1]
  DEBUG    root:machine.py:31 TICK:  379 PC:   5 MPC:  5 IR: 131 RSC:  0 TOS:  116 AR:  10 SB:  10 SP:  1	Opcode.JZ	Stack: [10, 116, 0, -1, -1]	 Return: [34, -1, -1, -1, -1]
  DEBUG    root:machine.py:31 TICK:  382 PC:   7 MPC: 29 IR:  17 RSC:  0 TOS:  116 AR:  10 SB:  10 SP:  1	Opcode.OUTPUT	Stack: [10, 116, 0, -1, -1]	 Return: [34, -1, -1, -1, -1]
  DEBUG    root:datapath.py:180 output: Hello,Kost << 116
  DEBUG    root:machine.py:31 TICK:  385 PC:   8 MPC: 20 IR:  32 RSC:  0 TOS:  10 AR:  10 SB:  10 SP:  0	Opcode.INC	Stack: [10, 116, 0, -1, -1]	 Return: [34, -1, -1, -1, -1]
  DEBUG    root:machine.py:31 TICK:  388 PC:   9 MPC:  4 IR: 130 RSC:  0 TOS:  11 AR:  10 SB:  10 SP:  0	Opcode.JMP	Stack: [11, 116, 0, -1, -1]	 Return: [34, -1, -1, -1, -1]
  DEBUG    root:machine.py:31 TICK:  391 PC:   3 MPC: 18 IR:  69 RSC:  0 TOS:  11 AR:  10 SB:  10 SP:  0	Opcode.DUP	Stack: [11, 116, 0, -1, -1]	 Return: [34, -1, -1, -1, -1]
  DEBUG    root:machine.py:31 TICK:  392 PC:   3 MPC: 19 IR:  69 RSC:  0 TOS:  116 AR:  10 SB:  11 SP:  1	Opcode.DUP	Stack: [11, 116, 0, -1, -1]	 Return: [34, -1, -1, -1, -1]
  DEBUG    root:machine.py:31 TICK:  395 PC:   4 MPC: 13 IR:  66 RSC:  0 TOS:  11 AR:  10 SB:  11 SP:  1	Opcode.LOAD	Stack: [11, 11, 0, -1, -1]	 Return: [34, -1, -1, -1, -1]
  DEBUG    root:machine.py:31 TICK:  396 PC:   4 MPC: 14 IR:  66 RSC:  0 TOS:  11 AR:  11 SB:  11 SP:  1	Opcode.LOAD	Stack: [11, 11, 0, -1, -1]	 Return: [34, -1, -1, -1, -1]
  DEBUG    root:machine.py:31 TICK:  399 PC:   5 MPC:  5 IR: 131 RSC:  0 TOS:  121 AR:  11 SB:  11 SP:  1	Opcode.JZ	Stack: [11, 121, 0, -1, -1]	 Return: [34, -1, -1, -1, -1]
  DEBUG    root:machine.py:31 TICK:  402 PC:   7 MPC: 29 IR:  17 RSC:  0 TOS:  121 AR:  11 SB:  11 SP:  1	Opcode.OUTPUT	Stack: [11, 121, 0, -1, -1]	 Return: [34, -1, -1, -1, -1]
  DEBUG    root:datapath.py:180 output: Hello,Kosty << 121
  DEBUG    root:machine.py:31 TICK:  405 PC:   8 MPC: 20 IR:  32 RSC:  0 TOS:  11 AR:  11 SB:  11 SP:  0	Opcode.INC	Stack: [11, 121, 0, -1, -1]	 Return: [34, -1, -1, -1, -1]
  DEBUG    root:machine.py:31 TICK:  408 PC:   9 MPC:  4 IR: 130 RSC:  0 TOS:  12 AR:  11 SB:  11 SP:  0	Opcode.JMP	Stack: [12, 121, 0, -1, -1]	 Return: [34, -1, -1, -1, -1]
  DEBUG    root:machine.py:31 TICK:  411 PC:   3 MPC: 18 IR:  69 RSC:  0 TOS:  12 AR:  11 SB:  11 SP:  0	Opcode.DUP	Stack: [12, 121, 0, -1, -1]	 Return: [34, -1, -1, -1, -1]
  DEBUG    root:machine.py:31 TICK:  412 PC:   3 MPC: 19 IR:  69 RSC:  0 TOS:  121 AR:  11 SB:  12 SP:  1	Opcode.DUP	Stack: [12, 121, 0, -1, -1]	 Return: [34, -1, -1, -1, -1]
  DEBUG    root:machine.py:31 TICK:  415 PC:   4 MPC: 13 IR:  66 RSC:  0 TOS:  12 AR:  11 SB:  12 SP:  1	Opcode.LOAD	Stack: [12, 12, 0, -1, -1]	 Return: [34, -1, -1, -1, -1]
  DEBUG    root:machine.py:31 TICK:  416 PC:   4 MPC: 14 IR:  66 RSC:  0 TOS:  12 AR:  12 SB:  12 SP:  1	Opcode.LOAD	Stack: [12, 12, 0, -1, -1]	 Return: [34, -1, -1, -1, -1]
  DEBUG    root:machine.py:31 TICK:  419 PC:   5 MPC:  5 IR: 131 RSC:  0 TOS:  97 AR:  12 SB:  12 SP:  1	Opcode.JZ	Stack: [12, 97, 0, -1, -1]	 Return: [34, -1, -1, -1, -1]
  DEBUG    root:machine.py:31 TICK:  422 PC:   7 MPC: 29 IR:  17 RSC:  0 TOS:  97 AR:  12 SB:  12 SP:  1	Opcode.OUTPUT	Stack: [12, 97, 0, -1, -1]	 Return: [34, -1, -1, -1, -1]
  DEBUG    root:datapath.py:180 output: Hello,Kostya << 97
  DEBUG    root:machine.py:31 TICK:  425 PC:   8 MPC: 20 IR:  32 RSC:  0 TOS:  12 AR:  12 SB:  12 SP:  0	Opcode.INC	Stack: [12, 97, 0, -1, -1]	 Return: [34, -1, -1, -1, -1]
  DEBUG    root:machine.py:31 TICK:  428 PC:   9 MPC:  4 IR: 130 RSC:  0 TOS:  13 AR:  12 SB:  12 SP:  0	Opcode.JMP	Stack: [13, 97, 0, -1, -1]	 Return: [34, -1, -1, -1, -1]
  DEBUG    root:machine.py:31 TICK:  431 PC:   3 MPC: 18 IR:  69 RSC:  0 TOS:  13 AR:  12 SB:  12 SP:  0	Opcode.DUP	Stack: [13, 97, 0, -1, -1]	 Return: [34, -1, -1, -1, -1]
  DEBUG    root:machine.py:31 TICK:  432 PC:   3 MPC: 19 IR:  69 RSC:  0 TOS:  97 AR:  12 SB:  13 SP:  1	Opcode.DUP	Stack: [13, 97, 0, -1, -1]	 Return: [34, -1, -1, -1, -1]
  DEBUG    root:machine.py:31 TICK:  435 PC:   4 MPC: 13 IR:  66 RSC:  0 TOS:  13 AR:  12 SB:  13 SP:  1	Opcode.LOAD	Stack: [13, 13, 0, -1, -1]	 Return: [34, -1, -1, -1, -1]
  DEBUG    root:machine.py:31 TICK:  436 PC:   4 MPC: 14 IR:  66 RSC:  0 TOS:  13 AR:  13 SB:  13 SP:  1	Opcode.LOAD	Stack: [13, 13, 0, -1, -1]	 Return: [34, -1, -1, -1, -1]
  DEBUG    root:machine.py:31 TICK:  439 PC:   5 MPC:  5 IR: 131 RSC:  0 TOS:   0 AR:  13 SB:  13 SP:  1	Opcode.JZ	Stack: [13, 0, 0, -1, -1]	 Return: [34, -1, -1, -1, -1]
  DEBUG    root:machine.py:31 TICK:  442 PC:  11 MPC:  8 IR: 133 RSC:  0 TOS:   0 AR:  13 SB:  13 SP:  1	Opcode.RET	Stack: [13, 0, 0, -1, -1]	 Return: [34, -1, -1, -1, -1]
  DEBUG    root:machine.py:31 TICK:  445 PC:  35 MPC: 15 IR:  67 RSC: -1 TOS:   0 AR:  13 SB:  13 SP:  1	Opcode.DROP	Stack: [13, 0, 0, -1, -1]	 Return: [34, -1, -1, -1, -1]
  DEBUG    root:machine.py:31 TICK:  448 PC:  36 MPC: 15 IR:  67 RSC: -1 TOS:  13 AR:  13 SB:  13 SP:  0	Opcode.DROP	Stack: [13, 0, 0, -1, -1]	 Return: [34, -1, -1, -1, -1]
  DEBUG    root:machine.py:31 TICK:  451 PC:  37 MPC:  2 IR: 128 RSC: -1 TOS:  -1 AR:  13 SB:  13 SP: -1	Opcode.HLT	Stack: [13, 0, 0, -1, -1]	 Return: [34, -1, -1, -1, -1]
  INFO     root:machine.py:43 output_buffer: Hello,Kostya
  INFO     root:machine.py:66 End simulation
